<html>
<body>
<pre>
<h1>礦ision Build Log</h1>
<h2>Tool Versions:</h2>
IDE-Version: μVision V5.18.0.0
Copyright (C) 2016 ARM Ltd and ARM Germany GmbH. All rights reserved.
License Information: jiang JIANGTAO1234562019@outlook.com, jiangtao, LIC=50DAR-KK70B-UMD9A-130RD-CVLY1-L91PN
 
Tool Versions:
Toolchain:       MDK-ARM Professional  Version: 5.18
Toolchain Path:  D:\32\ARM\ARMCC\Bin
C Compiler:      Armcc.exe V5.06 update 1 (build 61)
Assembler:       Armasm.exe V5.06 update 1 (build 61)
Linker/Locator:  ArmLink.exe V5.06 update 1 (build 61)
Library Manager: ArmAr.exe V5.06 update 1 (build 61)
Hex Converter:   FromElf.exe V5.06 update 1 (build 61)
CPU DLL:         SARMCM3.DLL V5.18
Dialog DLL:      DCM.DLL V1.13.6.0
Target DLL:      Segger\JL2CM3.dll V2.99.18.0
Dialog DLL:      TCM.DLL V1.14.8.0
 
<h2>Project:</h2>
C:\Users\JIANG\Desktop\风力摆\风力摆\USER\PWM.uvprojx
Project File Date:  04/25/2021

<h2>Output:</h2>
*** Using Compiler 'V5.06 update 1 (build 61)', folder: 'D:\32\ARM\ARMCC\Bin'
Build target 'PWM'
compiling key.c...
..\HARDWARE\KEY\key.c(206): warning:  #1035-D: single-precision operand implicitly converted to double-precision
  		        else if(pid_mode==2){ Ki+=0.1;	} 
..\HARDWARE\KEY\key.c(209): warning:  #1035-D: single-precision operand implicitly converted to double-precision
  	        	else if(pid_mode==2){ Ki-=0.1;	} 
..\HARDWARE\KEY\key.c: 2 warnings, 0 errors
linking...
Program Size: Code=61134 RO-data=10442 RW-data=256 ZI-data=2024  
FromELF: creating hex file...
"..\OBJ\PWM.axf" - 0 Error(s), 2 Warning(s).

<h2>Collection of Component include folders:</h2>
  C:\Users\JIANG\Desktop\风力摆\风力摆\USER\RTE
  D:\32\ARM\PACK\Keil\STM32F4xx_DFP\2.15.0\Drivers\CMSIS\Device\ST\STM32F4xx\Include

<h2>Collection of Component Files used:</h2>
Build Time Elapsed:  00:00:01
</pre>
</body>
</html>
